0 LOOP
 < 3
1 LOOP
 < 3
2 LOOP
 < 3
3 LOOP
4 LOOP
5 LOOP
6 LOOP
 BREAKING
